Archive member included to satisfy reference by file (symbol)

D:/STM32/STM32CubeIDE_1.13.2/STM32CubeIDE/plugins/com.st.stm32cube.ide.mcu.externaltools.gnu-tools-for-stm32.11.3.rel1.win32_1.1.1.202309131626/tools/bin/../lib/gcc/arm-none-eabi/11.3.1/../../../../arm-none-eabi/lib/thumb/v7-m/nofp\libc_nano.a(libc_a-exit.o)
                              D:/STM32/STM32CubeIDE_1.13.2/STM32CubeIDE/plugins/com.st.stm32cube.ide.mcu.externaltools.gnu-tools-for-stm32.11.3.rel1.win32_1.1.1.202309131626/tools/bin/../lib/gcc/arm-none-eabi/11.3.1/../../../../arm-none-eabi/lib/thumb/v7-m/nofp/crt0.o (exit)
D:/STM32/STM32CubeIDE_1.13.2/STM32CubeIDE/plugins/com.st.stm32cube.ide.mcu.externaltools.gnu-tools-for-stm32.11.3.rel1.win32_1.1.1.202309131626/tools/bin/../lib/gcc/arm-none-eabi/11.3.1/../../../../arm-none-eabi/lib/thumb/v7-m/nofp\libc_nano.a(libc_a-findfp.o)
                              D:/STM32/STM32CubeIDE_1.13.2/STM32CubeIDE/plugins/com.st.stm32cube.ide.mcu.externaltools.gnu-tools-for-stm32.11.3.rel1.win32_1.1.1.202309131626/tools/bin/../lib/gcc/arm-none-eabi/11.3.1/../../../../arm-none-eabi/lib/thumb/v7-m/nofp\libc_nano.a(libc_a-exit.o) (__stdio_exit_handler)
D:/STM32/STM32CubeIDE_1.13.2/STM32CubeIDE/plugins/com.st.stm32cube.ide.mcu.externaltools.gnu-tools-for-stm32.11.3.rel1.win32_1.1.1.202309131626/tools/bin/../lib/gcc/arm-none-eabi/11.3.1/../../../../arm-none-eabi/lib/thumb/v7-m/nofp\libc_nano.a(libc_a-fwalk.o)
                              D:/STM32/STM32CubeIDE_1.13.2/STM32CubeIDE/plugins/com.st.stm32cube.ide.mcu.externaltools.gnu-tools-for-stm32.11.3.rel1.win32_1.1.1.202309131626/tools/bin/../lib/gcc/arm-none-eabi/11.3.1/../../../../arm-none-eabi/lib/thumb/v7-m/nofp\libc_nano.a(libc_a-findfp.o) (_fwalk_sglue)
D:/STM32/STM32CubeIDE_1.13.2/STM32CubeIDE/plugins/com.st.stm32cube.ide.mcu.externaltools.gnu-tools-for-stm32.11.3.rel1.win32_1.1.1.202309131626/tools/bin/../lib/gcc/arm-none-eabi/11.3.1/../../../../arm-none-eabi/lib/thumb/v7-m/nofp\libc_nano.a(libc_a-stdio.o)
                              D:/STM32/STM32CubeIDE_1.13.2/STM32CubeIDE/plugins/com.st.stm32cube.ide.mcu.externaltools.gnu-tools-for-stm32.11.3.rel1.win32_1.1.1.202309131626/tools/bin/../lib/gcc/arm-none-eabi/11.3.1/../../../../arm-none-eabi/lib/thumb/v7-m/nofp\libc_nano.a(libc_a-findfp.o) (__sread)
D:/STM32/STM32CubeIDE_1.13.2/STM32CubeIDE/plugins/com.st.stm32cube.ide.mcu.externaltools.gnu-tools-for-stm32.11.3.rel1.win32_1.1.1.202309131626/tools/bin/../lib/gcc/arm-none-eabi/11.3.1/../../../../arm-none-eabi/lib/thumb/v7-m/nofp\libc_nano.a(libc_a-memset.o)
                              D:/STM32/STM32CubeIDE_1.13.2/STM32CubeIDE/plugins/com.st.stm32cube.ide.mcu.externaltools.gnu-tools-for-stm32.11.3.rel1.win32_1.1.1.202309131626/tools/bin/../lib/gcc/arm-none-eabi/11.3.1/../../../../arm-none-eabi/lib/thumb/v7-m/nofp/crt0.o (memset)
D:/STM32/STM32CubeIDE_1.13.2/STM32CubeIDE/plugins/com.st.stm32cube.ide.mcu.externaltools.gnu-tools-for-stm32.11.3.rel1.win32_1.1.1.202309131626/tools/bin/../lib/gcc/arm-none-eabi/11.3.1/../../../../arm-none-eabi/lib/thumb/v7-m/nofp\libc_nano.a(libc_a-closer.o)
                              D:/STM32/STM32CubeIDE_1.13.2/STM32CubeIDE/plugins/com.st.stm32cube.ide.mcu.externaltools.gnu-tools-for-stm32.11.3.rel1.win32_1.1.1.202309131626/tools/bin/../lib/gcc/arm-none-eabi/11.3.1/../../../../arm-none-eabi/lib/thumb/v7-m/nofp\libc_nano.a(libc_a-stdio.o) (_close_r)
D:/STM32/STM32CubeIDE_1.13.2/STM32CubeIDE/plugins/com.st.stm32cube.ide.mcu.externaltools.gnu-tools-for-stm32.11.3.rel1.win32_1.1.1.202309131626/tools/bin/../lib/gcc/arm-none-eabi/11.3.1/../../../../arm-none-eabi/lib/thumb/v7-m/nofp\libc_nano.a(libc_a-reent.o)
                              D:/STM32/STM32CubeIDE_1.13.2/STM32CubeIDE/plugins/com.st.stm32cube.ide.mcu.externaltools.gnu-tools-for-stm32.11.3.rel1.win32_1.1.1.202309131626/tools/bin/../lib/gcc/arm-none-eabi/11.3.1/../../../../arm-none-eabi/lib/thumb/v7-m/nofp\libc_nano.a(libc_a-closer.o) (errno)
D:/STM32/STM32CubeIDE_1.13.2/STM32CubeIDE/plugins/com.st.stm32cube.ide.mcu.externaltools.gnu-tools-for-stm32.11.3.rel1.win32_1.1.1.202309131626/tools/bin/../lib/gcc/arm-none-eabi/11.3.1/../../../../arm-none-eabi/lib/thumb/v7-m/nofp\libc_nano.a(libc_a-impure.o)
                              D:/STM32/STM32CubeIDE_1.13.2/STM32CubeIDE/plugins/com.st.stm32cube.ide.mcu.externaltools.gnu-tools-for-stm32.11.3.rel1.win32_1.1.1.202309131626/tools/bin/../lib/gcc/arm-none-eabi/11.3.1/../../../../arm-none-eabi/lib/thumb/v7-m/nofp\libc_nano.a(libc_a-reent.o) (_impure_ptr)
D:/STM32/STM32CubeIDE_1.13.2/STM32CubeIDE/plugins/com.st.stm32cube.ide.mcu.externaltools.gnu-tools-for-stm32.11.3.rel1.win32_1.1.1.202309131626/tools/bin/../lib/gcc/arm-none-eabi/11.3.1/../../../../arm-none-eabi/lib/thumb/v7-m/nofp\libc_nano.a(libc_a-lseekr.o)
[...]
Memory Configuration

Name             Origin             Length             Attributes
RAM              0x0000000020000000 0x0000000000005000 xrw
FLASH            0x0000000008000000 0x0000000000010000 xr
*default*        0x0000000000000000 0xffffffffffffffff

Linker script and memory map

LOAD D:/STM32/STM32CubeIDE_1.13.2/STM32CubeIDE/plugins/com.st.stm32cube.ide.mcu.externaltools.gnu-tools-for-stm32.11.3.rel1.win32_1.1.1.202309131626/tools/bin/../lib/gcc/arm-none-eabi/11.3.1/thumb/v7-m/nofp/crti.o
LOAD D:/STM32/STM32CubeIDE_1.13.2/STM32CubeIDE/plugins/com.st.stm32cube.ide.mcu.externaltools.gnu-tools-for-stm32.11.3.rel1.win32_1.1.1.202309131626/tools/bin/../lib/gcc/arm-none-eabi/11.3.1/thumb/v7-m/nofp/crtbegin.o
LOAD D:/STM32/STM32CubeIDE_1.13.2/STM32CubeIDE/plugins/com.st.stm32cube.ide.mcu.externaltools.gnu-tools-for-stm32.11.3.rel1.win32_1.1.1.202309131626/tools/bin/../lib/gcc/arm-none-eabi/11.3.1/../../../../arm-none-eabi/lib/thumb/v7-m/nofp/crt0.o
LOAD ./Src/ADC.o
LOAD ./Src/GPIO.o
LOAD ./Src/I2C.o
LOAD ./Src/LED.o
LOAD ./Src/RCC.o
LOAD ./Src/delay.o
LOAD ./Src/dht11.o
LOAD ./Src/lcd.o
LOAD ./Src/main.o
LOAD ./Src/rtc.o
LOAD ./Src/soil.o
LOAD ./Src/syscalls.o
LOAD ./Src/sysmem.o
LOAD ./Startup/startup_stm32f103c8tx.o
START GROUP
LOAD D:/STM32/STM32CubeIDE_1.13.2/STM32CubeIDE/plugins/com.st.stm32cube.ide.mcu.externaltools.gnu-tools-for-stm32.11.3.rel1.win32_1.1.1.202309131626/tools/bin/../lib/gcc/arm-none-eabi/11.3.1/../../../../arm-none-eabi/lib/thumb/v7-m/nofp\libc_nano.a
LOAD D:/STM32/STM32CubeIDE_1.13.2/STM32CubeIDE/plugins/com.st.stm32cube.ide.mcu.externaltools.gnu-tools-for-stm32.11.3.rel1.win32_1.1.1.202309131626/tools/bin/../lib/gcc/arm-none-eabi/11.3.1/../../../../arm-none-eabi/lib/thumb/v7-m/nofp\libm.a
END GROUP
START GROUP
LOAD D:/STM32/STM32CubeIDE_1.13.2/STM32CubeIDE/plugins/com.st.stm32cube.ide.mcu.externaltools.gnu-tools-for-stm32.11.3.rel1.win32_1.1.1.202309131626/tools/bin/../lib/gcc/arm-none-eabi/11.3.1/thumb/v7-m/nofp\libgcc.a
LOAD D:/STM32/STM32CubeIDE_1.13.2/STM32CubeIDE/plugins/com.st.stm32cube.ide.mcu.externaltools.gnu-tools-for-stm32.11.3.rel1.win32_1.1.1.202309131626/tools/bin/../lib/gcc/arm-none-eabi/11.3.1/../../../../arm-none-eabi/lib/thumb/v7-m/nofp\libc_nano.a
END GROUP
START GROUP
LOAD D:/STM32/STM32CubeIDE_1.13.2/STM32CubeIDE/plugins/com.st.stm32cube.ide.mcu.externaltools.gnu-tools-for-stm32.11.3.rel1.win32_1.1.1.202309131626/tools/bin/../lib/gcc/arm-none-eabi/11.3.1/thumb/v7-m/nofp\libgcc.a
LOAD D:/STM32/STM32CubeIDE_1.13.2/STM32CubeIDE/plugins/com.st.stm32cube.ide.mcu.externaltools.gnu-tools-for-stm32.11.3.rel1.win32_1.1.1.202309131626/tools/bin/../lib/gcc/arm-none-eabi/11.3.1/../../../../arm-none-eabi/lib/thumb/v7-m/nofp\libc_nano.a
LOAD D:/STM32/STM32CubeIDE_1.13.2/STM32CubeIDE/plugins/com.st.stm32cube.ide.mcu.externaltools.gnu-tools-for-stm32.11.3.rel1.win32_1.1.1.202309131626/tools/bin/../lib/gcc/arm-none-eabi/11.3.1/../../../../arm-none-eabi/lib/thumb/v7-m/nofp\libnosys.a
END GROUP
START GROUP
LOAD D:/STM32/STM32CubeIDE_1.13.2/STM32CubeIDE/plugins/com.st.stm32cube.ide.mcu.externaltools.gnu-tools-for-stm32.11.3.rel1.win32_1.1.1.202309131626/tools/bin/../lib/gcc/arm-none-eabi/11.3.1/thumb/v7-m/nofp\libgcc.a
LOAD D:/STM32/STM32CubeIDE_1.13.2/STM32CubeIDE/plugins/com.st.stm32cube.ide.mcu.externaltools.gnu-tools-for-stm32.11.3.rel1.win32_1.1.1.202309131626/tools/bin/../lib/gcc/arm-none-eabi/11.3.1/../../../../arm-none-eabi/lib/thumb/v7-m/nofp\libc_nano.a
LOAD D:/STM32/STM32CubeIDE_1.13.2/STM32CubeIDE/plugins/com.st.stm32cube.ide.mcu.externaltools.gnu-tools-for-stm32.11.3.rel1.win32_1.1.1.202309131626/tools/bin/../lib/gcc/arm-none-eabi/11.3.1/../../../../arm-none-eabi/lib/thumb/v7-m/nofp\libnosys.a
END GROUP
LOAD D:/STM32/STM32CubeIDE_1.13.2/STM32CubeIDE/plugins/com.st.stm32cube.ide.mcu.externaltools.gnu-tools-for-stm32.11.3.rel1.win32_1.1.1.202309131626/tools/bin/../lib/gcc/arm-none-eabi/11.3.1/thumb/v7-m/nofp/crtend.o
LOAD D:/STM32/STM32CubeIDE_1.13.2/STM32CubeIDE/plugins/com.st.stm32cube.ide.mcu.externaltools.gnu-tools-for-stm32.11.3.rel1.win32_1.1.1.202309131626/tools/bin/../lib/gcc/arm-none-eabi/11.3.1/thumb/v7-m/nofp/crtn.o
                0x0000000020005000                _estack = (ORIGIN (RAM) + LENGTH (RAM))
                0x0000000000000200                _Min_Heap_Size = 0x200
                0x0000000000000400                _Min_Stack_Size = 0x400

.isr_vector     0x0000000008000000      0x130
                0x0000000008000000                . = ALIGN (0x4)
 *(.isr_vector)
 .isr_vector    0x0000000008000000      0x130 ./Startup/startup_stm32f103c8tx.o
                0x0000000008000000                g_pfnVectors
                0x0000000008000130                . = ALIGN (0x4)

.text           0x0000000008000130      0x9dc
                0x0000000008000130                . = ALIGN (0x4)
 *(.text)
 .text          0x0000000008000130       0x40 D:/STM32/STM32CubeIDE_1.13.2/STM32CubeIDE/plugins/com.st.stm32cube.ide.mcu.externaltools.gnu-tools-for-stm32.11.3.rel1.win32_1.1.1.202309131626/tools/bin/../lib/gcc/arm-none-eabi/11.3.1/thumb/v7-m/nofp/crtbegin.o
 *(.text*)
 .text.ADC01_CH0_Init
                0x0000000008000170       0x9c ./Src/ADC.o
                0x0000000008000170                ADC01_CH0_Init
 .text.ADC01_CH0_Read
                0x000000000800020c       0x28 ./Src/ADC.o
                0x000000000800020c                ADC01_CH0_Read
 .text.GPIO_Config
                0x0000000008000234      0x144 ./Src/GPIO.o
                0x0000000008000234                GPIO_Config
 .text.GPIO_Write_Pin
                0x0000000008000378       0x2e ./Src/GPIO.o
                0x0000000008000378                GPIO_Write_Pin
 .text.GPIO_Read_Pin
                0x00000000080003a6       0x28 ./Src/GPIO.o
                0x00000000080003a6                GPIO_Read_Pin
 *fill*         0x00000000080003ce        0x2 
 .text.I2C_Init
                0x00000000080003d0       0x48 ./Src/I2C.o
                0x00000000080003d0                I2C_Init
 .text.I2C_Start
                0x0000000008000418       0x3c ./Src/I2C.o
                0x0000000008000418                I2C_Start
 .text.I2C_Stop
                0x0000000008000454       0x1c ./Src/I2C.o
                0x0000000008000454                I2C_Stop
 .text.I2C_Send_Addr
                0x0000000008000470       0x4c ./Src/I2C.o
                0x0000000008000470                I2C_Send_Addr
 .text.I2C_Send_Data
                0x00000000080004bc       0x50 ./Src/I2C.o
                0x00000000080004bc                I2C_Send_Data
 .text.LED_Init
                0x000000000800050c       0x38 ./Src/LED.o
                0x000000000800050c                LED_Init
 .text.LED_On   0x0000000008000544       0x18 ./Src/LED.o
                0x0000000008000544                LED_On
 .text.LED_Off  0x000000000800055c       0x18 ./Src/LED.o
                0x000000000800055c                LED_Off
 .text.delay_us
                0x0000000008000574       0x34 ./Src/delay.o
                0x0000000008000574                delay_us
 .text.delay_ms
                0x00000000080005a8       0x26 ./Src/delay.o
                0x00000000080005a8                delay_ms
 *fill*         0x00000000080005ce        0x2 
 .text.DHT_SetOutput
                0x00000000080005d0       0x18 ./Src/dht11.o
 .text.DHT_SetInput
                0x00000000080005e8       0x18 ./Src/dht11.o
 .text.DHT_ReadBit
                0x0000000008000600       0x80 ./Src/dht11.o
 .text.DHT_ReadByte
                0x0000000008000680       0x3a ./Src/dht11.o
 *fill*         0x00000000080006ba        0x2 
 .text.DHT_Read
                0x00000000080006bc       0xcc ./Src/dht11.o
                0x00000000080006bc                DHT_Read
 .text.LCD_WriteNibble
                0x0000000008000788       0x66 ./Src/lcd.o
 .text.LCD_WriteByte
                0x00000000080007ee       0x3a ./Src/lcd.o
 .text.LCD_Init
                0x0000000008000828       0x56 ./Src/lcd.o
                0x0000000008000828                LCD_Init
 .text.LCD_Clear
                0x000000000800087e       0x16 ./Src/lcd.o
                0x000000000800087e                LCD_Clear
 .text.LCD_SetCursor
                0x0000000008000894       0x36 ./Src/lcd.o
                0x0000000008000894                LCD_SetCursor
 .text.LCD_Print
                0x00000000080008ca       0x2c ./Src/lcd.o
                0x00000000080008ca                LCD_Print
 *fill*         0x00000000080008f6        0x2 
 .text.LCD_PrintNum
                0x00000000080008f8       0x9c ./Src/lcd.o
                0x00000000080008f8                LCD_PrintNum
 .text.main     0x0000000008000994       0xc4 ./Src/main.o
                0x0000000008000994                main
 .text.Reset_Handler
                0x0000000008000a58       0x50 ./Startup/startup_stm32f103c8tx.o
                0x0000000008000a58                Reset_Handler
 .text.Default_Handler
                0x0000000008000aa8        0x2 ./Startup/startup_stm32f103c8tx.o
                0x0000000008000aa8                EXTI2_IRQHandler
                0x0000000008000aa8                TIM8_TRG_COM_IRQHandler
                0x0000000008000aa8                TIM8_CC_IRQHandler
                0x0000000008000aa8                DebugMon_Handler
                0x0000000008000aa8                TIM1_CC_IRQHandler
                0x0000000008000aa8                HardFault_Handler
                0x0000000008000aa8                TIM6_IRQHandler
                0x0000000008000aa8                SysTick_Handler
                0x0000000008000aa8                PVD_IRQHandler
                0x0000000008000aa8                SDIO_IRQHandler
                0x0000000008000aa8                PendSV_Handler
                0x0000000008000aa8                NMI_Handler
                0x0000000008000aa8                EXTI3_IRQHandler
                0x0000000008000aa8                USB_HP_CAN_TX_IRQHandler
                0x0000000008000aa8                EXTI0_IRQHandler
                0x0000000008000aa8                I2C2_EV_IRQHandler
                0x0000000008000aa8                UsageFault_Handler
                0x0000000008000aa8                ADC1_2_IRQHandler
                0x0000000008000aa8                SPI1_IRQHandler
                0x0000000008000aa8                CAN_SCE_IRQHandler
                0x0000000008000aa8                TAMPER_IRQHandler
                0x0000000008000aa8                TIM8_UP_IRQHandler
                0x0000000008000aa8                DMA2_Channel2_IRQHandler
                0x0000000008000aa8                DMA1_Channel4_IRQHandler
                0x0000000008000aa8                USART3_IRQHandler
                0x0000000008000aa8                RTC_IRQHandler
                0x0000000008000aa8                DMA1_Channel7_IRQHandler
                0x0000000008000aa8                UART5_IRQHandler
                0x0000000008000aa8                ADC3_IRQHandler
                0x0000000008000aa8                TIM4_IRQHandler
                0x0000000008000aa8                CAN_RX1_IRQHandler
                0x0000000008000aa8                DMA2_Channel1_IRQHandler
                0x0000000008000aa8                I2C1_EV_IRQHandler
                0x0000000008000aa8                DMA1_Channel6_IRQHandler
                0x0000000008000aa8                UART4_IRQHandler
                0x0000000008000aa8                TIM3_IRQHandler
                0x0000000008000aa8                RCC_IRQHandler
                0x0000000008000aa8                TIM1_TRG_COM_IRQHandler
                0x0000000008000aa8                DMA1_Channel1_IRQHandler
                0x0000000008000aa8                Default_Handler
                0x0000000008000aa8                EXTI15_10_IRQHandler
                0x0000000008000aa8                TIM7_IRQHandler
                0x0000000008000aa8                TIM5_IRQHandler
                0x0000000008000aa8                EXTI9_5_IRQHandler
                0x0000000008000aa8                SPI2_IRQHandler
                0x0000000008000aa8                USB_LP_CAN_RX0_IRQHandler
                0x0000000008000aa8                MemManage_Handler
                0x0000000008000aa8                SVC_Handler
                0x0000000008000aa8                DMA1_Channel5_IRQHandler
                0x0000000008000aa8                EXTI4_IRQHandler
                0x0000000008000aa8                DMA1_Channel3_IRQHandler
                0x0000000008000aa8                FSMC_IRQHandler
                0x0000000008000aa8                TIM1_UP_IRQHandler
                0x0000000008000aa8                WWDG_IRQHandler
                0x0000000008000aa8                TIM2_IRQHandler
                0x0000000008000aa8                TIM1_BRK_IRQHandler
                0x0000000008000aa8                EXTI1_IRQHandler
                0x0000000008000aa8                RTCAlarm_IRQHandler
                0x0000000008000aa8                DMA2_Channel4_5_IRQHandler
                0x0000000008000aa8                USART2_IRQHandler
                0x0000000008000aa8                I2C2_ER_IRQHandler
                0x0000000008000aa8                DMA1_Channel2_IRQHandler
                0x0000000008000aa8                TIM8_BRK_IRQHandler
                0x0000000008000aa8                FLASH_IRQHandler
                0x0000000008000aa8                BusFault_Handler
                0x0000000008000aa8                USART1_IRQHandler
                0x0000000008000aa8                SPI3_IRQHandler
                0x0000000008000aa8                I2C1_ER_IRQHandler
                0x0000000008000aa8                DMA2_Channel3_IRQHandler
 *fill*         0x0000000008000aaa        0x2 
 .text.__libc_init_array
                0x0000000008000aac       0x48 D:/STM32/STM32CubeIDE_1.13.2/STM32CubeIDE/plugins/com.st.stm32cube.ide.mcu.externaltools.gnu-tools-for-stm32.11.3.rel1.win32_1.1.1.202309131626/tools/bin/../lib/gcc/arm-none-eabi/11.3.1/../../../../arm-none-eabi/lib/thumb/v7-m/nofp\libc_nano.a(libc_a-init.o)
                0x0000000008000aac                __libc_init_array
 *(.glue_7)
 .glue_7        0x0000000008000af4        0x0 linker stubs
 *(.glue_7t)
 .glue_7t       0x0000000008000af4        0x0 linker stubs
 *(.eh_frame)
 .eh_frame      0x0000000008000af4        0x0 D:/STM32/STM32CubeIDE_1.13.2/STM32CubeIDE/plugins/com.st.stm32cube.ide.mcu.externaltools.gnu-tools-for-stm32.11.3.rel1.win32_1.1.1.202309131626/tools/bin/../lib/gcc/arm-none-eabi/11.3.1/thumb/v7-m/nofp/crtbegin.o
 *(.init)
 .init          0x0000000008000af4        0x4 D:/STM32/STM32CubeIDE_1.13.2/STM32CubeIDE/plugins/com.st.stm32cube.ide.mcu.externaltools.gnu-tools-for-stm32.11.3.rel1.win32_1.1.1.202309131626/tools/bin/../lib/gcc/arm-none-eabi/11.3.1/thumb/v7-m/nofp/crti.o
                0x0000000008000af4                _init
 .init          0x0000000008000af8        0x8 D:/STM32/STM32CubeIDE_1.13.2/STM32CubeIDE/plugins/com.st.stm32cube.ide.mcu.externaltools.gnu-tools-for-stm32.11.3.rel1.win32_1.1.1.202309131626/tools/bin/../lib/gcc/arm-none-eabi/11.3.1/thumb/v7-m/nofp/crtn.o
 *(.fini)
 .fini          0x0000000008000b00        0x4 D:/STM32/STM32CubeIDE_1.13.2/STM32CubeIDE/plugins/com.st.stm32cube.ide.mcu.externaltools.gnu-tools-for-stm32.11.3.rel1.win32_1.1.1.202309131626/tools/bin/../lib/gcc/arm-none-eabi/11.3.1/thumb/v7-m/nofp/crti.o
                0x0000000008000b00                _fini
 .fini          0x0000000008000b04        0x8 D:/STM32/STM32CubeIDE_1.13.2/STM32CubeIDE/plugins/com.st.stm32cube.ide.mcu.externaltools.gnu-tools-for-stm32.11.3.rel1.win32_1.1.1.202309131626/tools/bin/../lib/gcc/arm-none-eabi/11.3.1/thumb/v7-m/nofp/crtn.o
                0x0000000008000b0c                . = ALIGN (0x4)
                0x0000000008000b0c                _etext = .

.vfp11_veneer   0x0000000008000b0c        0x0
 .vfp11_veneer  0x0000000008000b0c        0x0 linker stubs

.v4_bx          0x0000000008000b0c        0x0
 .v4_bx         0x0000000008000b0c        0x0 linker stubs

.iplt           0x0000000008000b0c        0x0
 .iplt          0x0000000008000b0c        0x0 D:/STM32/STM32CubeIDE_1.13.2/STM32CubeIDE/plugins/com.st.stm32cube.ide.mcu.externaltools.gnu-tools-for-stm32.11.3.rel1.win32_1.1.1.202309131626/tools/bin/../lib/gcc/arm-none-eabi/11.3.1/thumb/v7-m/nofp/crtbegin.o

.rodata         0x0000000008000b0c       0x24
                0x0000000008000b0c                . = ALIGN (0x4)
 *(.rodata)
 .rodata        0x0000000008000b0c       0x22 ./Src/main.o
 *(.rodata*)
                0x0000000008000b30                . = ALIGN (0x4)
 *fill*         0x0000000008000b2e        0x2 

.rel.dyn        0x0000000008000b30        0x0
 .rel.iplt      0x0000000008000b30        0x0 D:/STM32/STM32CubeIDE_1.13.2/STM32CubeIDE/plugins/com.st.stm32cube.ide.mcu.externaltools.gnu-tools-for-stm32.11.3.rel1.win32_1.1.1.202309131626/tools/bin/../lib/gcc/arm-none-eabi/11.3.1/thumb/v7-m/nofp/crtbegin.o

.ARM.extab      0x0000000008000b30        0x0
                0x0000000008000b30                . = ALIGN (0x4)
 *(.ARM.extab* .gnu.linkonce.armextab.*)
                0x0000000008000b30                . = ALIGN (0x4)

.ARM            0x0000000008000b30        0x0
                0x0000000008000b30                . = ALIGN (0x4)
                0x0000000008000b30                __exidx_start = .
 *(.ARM.exidx*)
                0x0000000008000b30                __exidx_end = .
                0x0000000008000b30                . = ALIGN (0x4)

.preinit_array  0x0000000008000b30        0x0
                0x0000000008000b30                . = ALIGN (0x4)
                0x0000000008000b30                PROVIDE (__preinit_array_start = .)
 *(.preinit_array*)
                0x0000000008000b30                PROVIDE (__preinit_array_end = .)
                0x0000000008000b30                . = ALIGN (0x4)

.init_array     0x0000000008000b30        0x4
                0x0000000008000b30                . = ALIGN (0x4)
                0x0000000008000b30                PROVIDE (__init_array_start = .)
 *(SORT_BY_NAME(.init_array.*))
 *(.init_array*)
 .init_array    0x0000000008000b30        0x4 D:/STM32/STM32CubeIDE_1.13.2/STM32CubeIDE/plugins/com.st.stm32cube.ide.mcu.externaltools.gnu-tools-for-stm32.11.3.rel1.win32_1.1.1.202309131626/tools/bin/../lib/gcc/arm-none-eabi/11.3.1/thumb/v7-m/nofp/crtbegin.o
                0x0000000008000b34                PROVIDE (__init_array_end = .)
                0x0000000008000b34                . = ALIGN (0x4)

.fini_array     0x0000000008000b34        0x4
                0x0000000008000b34                . = ALIGN (0x4)
                [!provide]                        PROVIDE (__fini_array_start = .)
 *(SORT_BY_NAME(.fini_array.*))
 *(.fini_array*)
 .fini_array    0x0000000008000b34        0x4 D:/STM32/STM32CubeIDE_1.13.2/STM32CubeIDE/plugins/com.st.stm32cube.ide.mcu.externaltools.gnu-tools-for-stm32.11.3.rel1.win32_1.1.1.202309131626/tools/bin/../lib/gcc/arm-none-eabi/11.3.1/thumb/v7-m/nofp/crtbegin.o
                [!provide]                        PROVIDE (__fini_array_end = .)
                0x0000000008000b38                . = ALIGN (0x4)
                0x0000000008000b38                _sidata = LOADADDR (.data)

.data           0x0000000020000000        0x0 load address 0x0000000008000b38
                0x0000000020000000                . = ALIGN (0x4)
                0x0000000020000000                _sdata = .
 *(.data)
 *(.data*)
 *(.RamFunc)
 *(.RamFunc*)
                0x0000000020000000                . = ALIGN (0x4)
                0x0000000020000000                _edata = .

.igot.plt       0x0000000020000000        0x0 load address 0x0000000008000b38
 .igot.plt      0x0000000020000000        0x0 D:/STM32/STM32CubeIDE_1.13.2/STM32CubeIDE/plugins/com.st.stm32cube.ide.mcu.externaltools.gnu-tools-for-stm32.11.3.rel1.win32_1.1.1.202309131626/tools/bin/../lib/gcc/arm-none-eabi/11.3.1/thumb/v7-m/nofp/crtbegin.o
                0x0000000020000000                . = ALIGN (0x4)

.bss            0x0000000020000000       0x1c load address 0x0000000008000b38
                0x0000000020000000                _sbss = .
                0x0000000020000000                __bss_start__ = _sbss
 *(.bss)
 .bss           0x0000000020000000       0x1c D:/STM32/STM32CubeIDE_1.13.2/STM32CubeIDE/plugins/com.st.stm32cube.ide.mcu.externaltools.gnu-tools-for-stm32.11.3.rel1.win32_1.1.1.202309131626/tools/bin/../lib/gcc/arm-none-eabi/11.3.1/thumb/v7-m/nofp/crtbegin.o
 *(.bss*)
 *(COMMON)
                0x000000002000001c                . = ALIGN (0x4)
                0x000000002000001c                _ebss = .
                0x000000002000001c                __bss_end__ = _ebss

._user_heap_stack
                0x000000002000001c      0x604 load address 0x0000000008000b38
                0x0000000020000020                . = ALIGN (0x8)
 *fill*         0x000000002000001c        0x4 
                [!provide]                        PROVIDE (end = .)
                0x0000000020000020                PROVIDE (_end = .)
                0x0000000020000220                . = (. + _Min_Heap_Size)
 *fill*         0x0000000020000020      0x200 
                0x0000000020000620                . = (. + _Min_Stack_Size)
 *fill*         0x0000000020000220      0x400 
                0x0000000020000620                . = ALIGN (0x8)

/DISCARD/
 libc.a(*)
 libm.a(*)
 libgcc.a(*)

.ARM.attributes
                0x0000000000000000       0x29
 *(.ARM.attributes)
 .ARM.attributes
                0x0000000000000000       0x1d D:/STM32/STM32CubeIDE_1.13.2/STM32CubeIDE/plugins/com.st.stm32cube.ide.mcu.externaltools.gnu-tools-for-stm32.11.3.rel1.win32_1.1.1.202309131626/tools/bin/../lib/gcc/arm-none-eabi/11.3.1/thumb/v7-m/nofp/crti.o
 .ARM.attributes
                0x000000000000001d       0x2d D:/STM32/STM32CubeIDE_1.13.2/STM32CubeIDE/plugins/com.st.stm32cube.ide.mcu.externaltools.gnu-tools-for-stm32.11.3.rel1.win32_1.1.1.202309131626/tools/bin/../lib/gcc/arm-none-eabi/11.3.1/thumb/v7-m/nofp/crtbegin.o
 .ARM.attributes
                0x000000000000004a       0x2d ./Src/ADC.o
 .ARM.attributes
                0x0000000000000077       0x2d ./Src/GPIO.o
 .ARM.attributes
                0x00000000000000a4       0x2d ./Src/I2C.o
 .ARM.attributes
                0x00000000000000d1       0x2d ./Src/LED.o
 .ARM.attributes
                0x00000000000000fe       0x2d ./Src/delay.o
 .ARM.attributes
                0x000000000000012b       0x2d ./Src/dht11.o
 .ARM.attributes
                0x0000000000000158       0x2d ./Src/lcd.o
 .ARM.attributes
                0x0000000000000185       0x2d ./Src/main.o
 .ARM.attributes
                0x00000000000001b2       0x21 ./Startup/startup_stm32f103c8tx.o
 .ARM.attributes
                0x00000000000001d3       0x2d D:/STM32/STM32CubeIDE_1.13.2/STM32CubeIDE/plugins/com.st.stm32cube.ide.mcu.externaltools.gnu-tools-for-stm32.11.3.rel1.win32_1.1.1.202309131626/tools/bin/../lib/gcc/arm-none-eabi/11.3.1/../../../../arm-none-eabi/lib/thumb/v7-m/nofp\libc_nano.a(libc_a-init.o)
 .ARM.attributes
                0x0000000000000200       0x1d D:/STM32/STM32CubeIDE_1.13.2/STM32CubeIDE/plugins/com.st.stm32cube.ide.mcu.externaltools.gnu-tools-for-stm32.11.3.rel1.win32_1.1.1.202309131626/tools/bin/../lib/gcc/arm-none-eabi/11.3.1/thumb/v7-m/nofp/crtn.o
OUTPUT(SPI Sensor Network.elf elf32-littlearm)
LOAD linker stubs
LOAD D:/STM32/STM32CubeIDE_1.13.2/STM32CubeIDE/plugins/com.st.stm32cube.ide.mcu.externaltools.gnu-tools-for-stm32.11.3.rel1.win32_1.1.1.202309131626/tools/bin/../lib/gcc/arm-none-eabi/11.3.1/../../../../arm-none-eabi/lib/thumb/v7-m/nofp\libc.a
LOAD D:/STM32/STM32CubeIDE_1.13.2/STM32CubeIDE/plugins/com.st.stm32cube.ide.mcu.externaltools.gnu-tools-for-stm32.11.3.rel1.win32_1.1.1.202309131626/tools/bin/../lib/gcc/arm-none-eabi/11.3.1/../../../../arm-none-eabi/lib/thumb/v7-m/nofp\libm.a
LOAD D:/STM32/STM32CubeIDE_1.13.2/STM32CubeIDE/plugins/com.st.stm32cube.ide.mcu.externaltools.gnu-tools-for-stm32.11.3.rel1.win32_1.1.1.202309131626/tools/bin/../lib/gcc/arm-none-eabi/11.3.1/thumb/v7-m/nofp\libgcc.a

.comment        0x0000000000000000       0x43
 .comment       0x0000000000000000       0x43 D:/STM32/STM32CubeIDE_1.13.2/STM32CubeIDE/plugins/com.st.stm32cube.ide.mcu.externaltools.gnu-tools-for-stm32.11.3.rel1.win32_1.1.1.202309131626/tools/bin/../lib/gcc/arm-none-eabi/11.3.1/thumb/v7-m/nofp/crtbegin.o
                                         0x44 (size before relaxing)
 .comment       0x0000000000000043       0x44 ./Src/ADC.o
 .comment       0x0000000000000043       0x44 ./Src/GPIO.o
 .comment       0x0000000000000043       0x44 ./Src/I2C.o
 .comment       0x0000000000000043       0x44 ./Src/LED.o
 .comment       0x0000000000000043       0x44 ./Src/delay.o
 .comment       0x0000000000000043       0x44 ./Src/dht11.o
 .comment       0x0000000000000043       0x44 ./Src/lcd.o
 .comment       0x0000000000000043       0x44 ./Src/main.o

.debug_info     0x0000000000000000     0x1b33
 .debug_info    0x0000000000000000       0xdb ./Src/ADC.o
 .debug_info    0x00000000000000db      0x911 ./Src/GPIO.o
 .debug_info    0x00000000000009ec      0x165 ./Src/I2C.o
 .debug_info    0x0000000000000b51       0xc9 ./Src/LED.o
 .debug_info    0x0000000000000c1a       0xe7 ./Src/delay.o
 .debug_info    0x0000000000000d01      0x9f4 ./Src/dht11.o
 .debug_info    0x00000000000016f5      0x245 ./Src/lcd.o
 .debug_info    0x000000000000193a      0x1d6 ./Src/main.o
 .debug_info    0x0000000000001b10       0x23 ./Startup/startup_stm32f103c8tx.o

.debug_abbrev   0x0000000000000000      0x7d4
 .debug_abbrev  0x0000000000000000       0x8b ./Src/ADC.o
 .debug_abbrev  0x000000000000008b      0x169 ./Src/GPIO.o
 .debug_abbrev  0x00000000000001f4       0xcf ./Src/I2C.o
 .debug_abbrev  0x00000000000002c3       0x56 ./Src/LED.o
 .debug_abbrev  0x0000000000000319       0xa3 ./Src/delay.o
 .debug_abbrev  0x00000000000003bc      0x1b6 ./Src/dht11.o
 .debug_abbrev  0x0000000000000572      0x14f ./Src/lcd.o
 .debug_abbrev  0x00000000000006c1      0x101 ./Src/main.o
 .debug_abbrev  0x00000000000007c2       0x12 ./Startup/startup_stm32f103c8tx.o

.debug_aranges  0x0000000000000000      0x1e0
 .debug_aranges
                0x0000000000000000       0x28 ./Src/ADC.o
 .debug_aranges
                0x0000000000000028       0x30 ./Src/GPIO.o
 .debug_aranges
                0x0000000000000058       0x50 ./Src/I2C.o
 .debug_aranges
                0x00000000000000a8       0x38 ./Src/LED.o
 .debug_aranges
                0x00000000000000e0       0x28 ./Src/delay.o
 .debug_aranges
                0x0000000000000108       0x40 ./Src/dht11.o
 .debug_aranges
                0x0000000000000148       0x50 ./Src/lcd.o
 .debug_aranges
                0x0000000000000198       0x20 ./Src/main.o
 .debug_aranges
                0x00000000000001b8       0x28 ./Startup/startup_stm32f103c8tx.o

.debug_rnglists
                0x0000000000000000      0x141
 .debug_rnglists
                0x0000000000000000       0x1a ./Src/ADC.o
 .debug_rnglists
                0x000000000000001a       0x20 ./Src/GPIO.o
 .debug_rnglists
                0x000000000000003a       0x37 ./Src/I2C.o
 .debug_rnglists
                0x0000000000000071       0x25 ./Src/LED.o
 .debug_rnglists
                0x0000000000000096       0x19 ./Src/delay.o
 .debug_rnglists
                0x00000000000000af       0x2d ./Src/dht11.o
 .debug_rnglists
                0x00000000000000dc       0x38 ./Src/lcd.o
 .debug_rnglists
                0x0000000000000114       0x14 ./Src/main.o
 .debug_rnglists
                0x0000000000000128       0x19 ./Startup/startup_stm32f103c8tx.o

.debug_macro    0x0000000000000000     0x19f2
 .debug_macro   0x0000000000000000       0x85 ./Src/ADC.o
 .debug_macro   0x0000000000000085      0xaa2 ./Src/ADC.o
 .debug_macro   0x0000000000000b27       0x22 ./Src/ADC.o
 .debug_macro   0x0000000000000b49       0x8e ./Src/ADC.o
 .debug_macro   0x0000000000000bd7       0x51 ./Src/ADC.o
 .debug_macro   0x0000000000000c28      0x103 ./Src/ADC.o
 .debug_macro   0x0000000000000d2b       0x6a ./Src/ADC.o
 .debug_macro   0x0000000000000d95      0x1df ./Src/ADC.o
 .debug_macro   0x0000000000000f74      0x100 ./Src/ADC.o
 .debug_macro   0x0000000000001074       0x26 ./Src/ADC.o
 .debug_macro   0x000000000000109a       0x72 ./Src/GPIO.o
 .debug_macro   0x000000000000110c       0xa9 ./Src/GPIO.o
 .debug_macro   0x00000000000011b5       0x85 ./Src/I2C.o
 .debug_macro   0x000000000000123a       0x76 ./Src/I2C.o
 .debug_macro   0x00000000000012b0       0xdc ./Src/I2C.o
 .debug_macro   0x000000000000138c       0x86 ./Src/LED.o
 .debug_macro   0x0000000000001412       0xd6 ./Src/LED.o
 .debug_macro   0x00000000000014e8       0x6d ./Src/delay.o
 .debug_macro   0x0000000000001555       0x85 ./Src/dht11.o
 .debug_macro   0x00000000000015da       0xaf ./Src/dht11.o
 .debug_macro   0x0000000000001689       0x10 ./Src/dht11.o
 .debug_macro   0x0000000000001699       0x98 ./Src/lcd.o
 .debug_macro   0x0000000000001731       0x7c ./Src/lcd.o
 .debug_macro   0x00000000000017ad       0xb3 ./Src/main.o
 .debug_macro   0x0000000000001860      0x106 ./Src/main.o
 .debug_macro   0x0000000000001966       0x10 ./Src/main.o
 .debug_macro   0x0000000000001976       0x7c ./Src/main.o

.debug_line     0x0000000000000000     0x27e1
 .debug_line    0x0000000000000000      0x4ad ./Src/ADC.o
 .debug_line    0x00000000000004ad      0x513 ./Src/GPIO.o
 .debug_line    0x00000000000009c0      0x56d ./Src/I2C.o
 .debug_line    0x0000000000000f2d      0x47d ./Src/LED.o
 .debug_line    0x00000000000013aa      0x464 ./Src/delay.o
 .debug_line    0x000000000000180e      0x576 ./Src/dht11.o
 .debug_line    0x0000000000001d84      0x53e ./Src/lcd.o
 .debug_line    0x00000000000022c2      0x4a4 ./Src/main.o
 .debug_line    0x0000000000002766       0x7b ./Startup/startup_stm32f103c8tx.o

.debug_str      0x0000000000000000     0x5448
 .debug_str     0x0000000000000000     0x4289 ./Src/ADC.o
                                       0x43f6 (size before relaxing)
 .debug_str     0x0000000000004289      0x5fd ./Src/GPIO.o
                                       0x42cd (size before relaxing)
 .debug_str     0x0000000000004886      0x99e ./Src/I2C.o
                                       0x466e (size before relaxing)
 .debug_str     0x0000000000005224       0x43 ./Src/LED.o
                                       0x43a9 (size before relaxing)
 .debug_str     0x0000000000005267       0x18 ./Src/delay.o
                                       0x3cdf (size before relaxing)
 .debug_str     0x000000000000527f       0xd3 ./Src/dht11.o
                                       0x4392 (size before relaxing)
 .debug_str     0x0000000000005352       0xaf ./Src/lcd.o
                                       0x4050 (size before relaxing)
 .debug_str     0x0000000000005401       0x18 ./Src/main.o
                                       0x50d6 (size before relaxing)
 .debug_str     0x0000000000005419       0x2f ./Startup/startup_stm32f103c8tx.o
                                         0x85 (size before relaxing)

.debug_frame    0x0000000000000000      0x4d0
 .debug_frame   0x0000000000000000       0x4c ./Src/ADC.o
 .debug_frame   0x000000000000004c       0x88 ./Src/GPIO.o
 .debug_frame   0x00000000000000d4      0x104 ./Src/I2C.o
 .debug_frame   0x00000000000001d8       0x90 ./Src/LED.o
 .debug_frame   0x0000000000000268       0x5c ./Src/delay.o
 .debug_frame   0x00000000000002c4       0xb4 ./Src/dht11.o
 .debug_frame   0x0000000000000378       0xfc ./Src/lcd.o
 .debug_frame   0x0000000000000474       0x30 ./Src/main.o
 .debug_frame   0x00000000000004a4       0x2c D:/STM32/STM32CubeIDE_1.13.2/STM32CubeIDE/plugins/com.st.stm32cube.ide.mcu.externaltools.gnu-tools-for-stm32.11.3.rel1.win32_1.1.1.202309131626/tools/bin/../lib/gcc/arm-none-eabi/11.3.1/../../../../arm-none-eabi/lib/thumb/v7-m/nofp\libc_nano.a(libc_a-init.o)

.debug_line_str
                0x0000000000000000       0x79
 .debug_line_str
                0x0000000000000000       0x79 ./Startup/startup_stm32f103c8tx.o
                                         0x91 (size before relaxing)
